// Jest Snapshot v1, https://goo.gl/fbAQLP

exports[`renders correctly 1`] = `
<div>
  <h1>
    Hi people
  </h1>
  <p>
    Welcome to your new Gatsby site.
  </p>
  <p>
    Now go build something great.
  </p>
  <GatsbyLink
    to="/page-2/"
  >
    Go to page 2
  </GatsbyLink>
</div>
`;
